
ubuntu@10-13-109-255:~$ sudo docker ps
如果不跟 sudo，直接执行 docker ps 命令会有如下问题：
ubuntu@10-13-109-255:~$ docker ps
FATA[0000] Get http:///var/run/docker.sock/v1.18/containers/json: dial unix /var/run/docker.sock: permission denied. Are you trying to connect to a TLS-enabled daemon without TLS? 

# 免 sudo 使用 docker
第一步：如果还没有 docker group 就添加一个：
sudo groupadd docker
第二步：将用户加入该 group 内。然后退出并重新登录就生效啦。
sudo gpasswd -a ${USER} docker
第三步：重启 docker 服务
sudo service docker restart
第四步：然后退出并重新登录就生效
切换当前会话到新 group 或者重启 X 会话
gswyhq@gswyhq-pc:/var/run$ newgrp - docker
gswyhq@gswyhq-pc:~$ docker ps
CONTAINER ID        IMAGE               COMMAND             CREATED             STATUS              PORTS               NAMES

注意，最后一步是必须的，否则因为 groups 命令获取到的是缓存的组信息，刚添加的组信息未能生效，所以 docker images 执行时同样有错。

# docker服务未启动报错：
ubuntu@10-13-109-255:~/docker$ docker images 
Cannot connect to the Docker daemon at unix:///var/run/docker.sock. Is the docker daemon running?
这个时候启动docker服务即可：
root@10-13-109-255:~# /usr/local/bin/dockerd &
或者：
systemctl start docker # 启动docker
systemctl restart docker # 重启dokcer
systemctl enable docker # 开机自动启动docker

# 监测容器：
gswyhq@gswyhq-pc:~$ sudo pip3 install ctop

在一下旧的版本中导入时可能出错：
gswyhq@gswyhq-pc:~/docker/ubuntu$ docker export ca4b1acbe79b > ubuntu0717-export.tar
ubuntu@10-13-158-31:~/docker/ubuntu$ sudo docker import ubuntu0717-export.tar ubuntu:0717
Downloading from http://ubuntu0717-export.tar
FATA[0001] Get http://ubuntu0717-export.tar: dial tcp: lookup ubuntu0717-export.tar: no such host 
# 这个时候改用下面的方法导入即可：
ubuntu@10-13-158-31:~/docker/ubuntu$ cat ubuntu0717-export.tar | sudo docker import - ubuntu:0717
16a079ae5a08c141a3e710a987259a3cd633f206de226430a46d9ef4e4ddf023

# 重启之前的一个容器报错：
gswyhq@gswyhq-pc:~/docker/neo4j/nwd$ sudo docker start nwd27474
Error response from daemon: driver failed programming external connectivity on endpoint nwd27474 (aecc9f558db95cf92ebd496f382ab1608c62e422e8022ebf288ae0b350068557):  (iptables failed: iptables --wait -t filter -A DOCKER ! -i docker0 -o docker0 -p tcp -d 172.17.0.4 --dport 7687 -j ACCEPT: iptables: No chain/target/match by that name.
 (exit status 1))
# 解决方法，重启docker服务即可
gswyhq@gswyhq-pc:~$ sudo systemctl restart docker

# 修改docker容器时间：
确认宿主机时间对否；在宿主机时间正确情况下可以：
1、重新启动一个容器，加上如下参数，即可使用宿主机时间
$ docker run -i -t --restart=always --detach --name=dbang18100 -p 18100:8000 --volume=$PWD:/dbang  -v /etc/localtime:/etc/localtime ubuntu:0717 /bin/bash
2、假如，你不想重新启动，或者不能重新启动，也没关系，可以直接把文件复制到容器内，如下
$ docker cp /etc/localtime [containerId]:/etc/localtime
# 若宿主机时区不对，可以：
sudo cp /usr/share/zoneinfo/Asia/Shanghai /etc/localtime

ubuntu@ip-172-31-14-6:~$ docker cp /etc/localtime shanglishi18010:/etc/localtime
FATA[0000] Error: Path not specified
ubuntu@ip-172-31-14-6:~$ docker -v
Docker version 1.6.2, build 7c8fca2
版本1.6.2不允许从主机复制到容器，您需要升级到至少1.8的支持。

