
在使用ssh连接远程Linux主机时，如果长时间不操作，ssh会自动断开，只能重新登陆。
原因是：由于ssh的安全机制，如果10分钟没有任何操作，本次SSH会话会自动关闭。

防止远程Linux自动断开SSH连接

在服务器端编辑：
# ClientAliveInterval指定了服务器端向客户端请求消息的时间间隔, 默认是0, 不发送。设置60表示每分钟发送一次, 然后客户端响应, 这样就保持长连接了。
# ClientAliveCountMax表示服务器发出请求后客户端没有响应的次数达到一定值, 就自动断开。正常情况下, 客户端不会不响应，使用默认值3即可。
# 启用客户端活动检查，每30秒检查一次，3次不活动断开连接
ubuntu@ip-172-33-13-157:/etc/ssh$ sudo vim sshd_config
ClientAliveInterval 30
ClientAliveCountMax 5
# 重新加载ssd配置，让配置生效
ubuntu@ip-172-33-13-157:/etc/ssh$ sudo service sshd reload

编辑本地SSH配置文件：
$ vim ~/.ssh/config    # 当前登陆用户生效
添加：
Host *
 ServerAliveInterval 30
# *号代表所有主机，你可以指定某个主机，如：
Host server1
 ServerAliveInterval 30
# ServerAliveInterval 30表示ssh客户端每隔30秒给远程主机发送一个no-op包，no-op是无任何操作的意思，这样远程主机就不会关闭这个SSH会话。

为了使所有用户生效，你可以在/etc/ssh/ssh_config服务器端全局配置文件添加如下两行：
ServerAliveInterval 30
ClientAliveCountMax 6

按照上面这个设置
  SSH Server 每 30秒就会自动发送一个信号给 Client，而等待 Client 回应，如果客户端没有回应，会记录下来直到记录数超过 ClientAliveCountMax(这里设置为6次) 的值时，才会断开连接。

还可以在连接时使用选项：
$ ssh -o ServerAliveInterval=30 user@remote-ssh-server-ip

用 ssh 命令连接服务器之后，如果一段时间不操作，再次进入 Terminal 时会有一段时间没有响应，然后就出现错误提示：
Write failed: Broken pipe
只能重新用 ssh 命令进行连接。
解决方法
方法一：如果您有多台服务器，不想在每台服务器上设置，只需在客户端的 ~/.ssh/ 文件夹中添加 config 文件，并添加下面的配置：
ServerAliveInterval 60
方法二：如果您有多个人管理服务器，不想在每个客户端进行设置，只需在服务器的 /etc/ssh/sshd_config 中添加如下的配置：
ClientAliveInterval 60
方法三：如果您只想让当前的 ssh 保持连接，可以使用以下的命令：
$ ssh -o ServerAliveInterval=60 user@sshserver


方法1、依赖ssh客户端定时发送心跳。
#打开
sudo vim /etc/ssh/ssh_config
# 添加
ServerAliveInterval 20
ServerAliveCountMax 999
即每隔20秒，向服务器发出一次心跳。若超过999次请求，都没有发送成功，则会主动断开与服务器端的连接。

方法2、更改服务器端，即在ssh远端。
# 打开
sudo vim/etc/ssh/sshd_config
# 添加
ClientAliveInterval 30
ClientAliveCountMax 6

ClientAliveInterval表示每隔多少秒，服务器端向客户端发送心跳，是的，你没看错。
ClientAliveInterval表示上述多少次心跳无响应之后，会认为Client已经断开。
所以，总共允许无响应的时间是60*3=180秒。
